[0.006s][warning][gc] -XX:+PrintGCDetails is deprecated. Will use -Xlog:gc* instead.
[0.012s][info   ][gc,heap] Heap region size: 32M
[0.024s][info   ][gc     ] Using G1
[0.922s][info   ][gc,start] GC(0) Pause Young (Concurrent Start) (Metadata GC Threshold)
[0.925s][info   ][gc,task ] GC(0) Using 33 workers of 33 for evacuation
[0.960s][info   ][gc,phases] GC(0)   Pre Evacuate Collection Set: 0.0ms
[0.960s][info   ][gc,phases] GC(0)   Evacuate Collection Set: 27.3ms
[0.960s][info   ][gc,phases] GC(0)   Post Evacuate Collection Set: 6.7ms
[0.960s][info   ][gc,phases] GC(0)   Other: 4.1ms
[0.960s][info   ][gc,heap  ] GC(0) Eden regions: 3->0(2)
[0.960s][info   ][gc,heap  ] GC(0) Survivor regions: 0->1(1)
[0.960s][info   ][gc,heap  ] GC(0) Old regions: 0->0
[0.960s][info   ][gc,heap  ] GC(0) Humongous regions: 0->0
[0.960s][info   ][gc,metaspace] GC(0) Metaspace: 21043K(21248K)->21043K(21248K)
[0.960s][info   ][gc          ] GC(0) Pause Young (Concurrent Start) (Metadata GC Threshold) 88M->17M(2048M) 38.202ms
[0.960s][info   ][gc,cpu      ] GC(0) User=0.40s Sys=0.01s Real=0.04s
[0.960s][info   ][gc          ] GC(1) Concurrent Cycle
[0.960s][info   ][gc,marking  ] GC(1) Concurrent Clear Claimed Marks
[0.960s][info   ][gc,marking  ] GC(1) Concurrent Clear Claimed Marks 0.014ms
[0.960s][info   ][gc,marking  ] GC(1) Concurrent Scan Root Regions
[0.963s][info   ][gc,marking  ] GC(1) Concurrent Scan Root Regions 2.592ms
[0.963s][info   ][gc,marking  ] GC(1) Concurrent Mark (0.963s)
[0.963s][info   ][gc,marking  ] GC(1) Concurrent Mark From Roots
[0.963s][info   ][gc,task     ] GC(1) Using 8 workers of 8 for marking
[0.965s][info   ][gc,marking  ] GC(1) Concurrent Mark From Roots 2.868ms
[0.965s][info   ][gc,marking  ] GC(1) Concurrent Preclean
[0.966s][info   ][gc,marking  ] GC(1) Concurrent Preclean 0.199ms
[0.966s][info   ][gc,marking  ] GC(1) Concurrent Mark (0.963s, 0.966s) 3.098ms
[0.966s][info   ][gc,start    ] GC(1) Pause Remark
[0.968s][info   ][gc,stringtable] GC(1) Cleaned string and symbol table, strings: 6127 processed, 0 removed, symbols: 67122 processed, 19 removed
[0.969s][info   ][gc            ] GC(1) Pause Remark 19M->19M(2048M) 2.938ms
[0.969s][info   ][gc,cpu        ] GC(1) User=0.05s Sys=0.00s Real=0.01s
[0.969s][info   ][gc,marking    ] GC(1) Concurrent Rebuild Remembered Sets
[0.969s][info   ][gc,marking    ] GC(1) Concurrent Rebuild Remembered Sets 0.038ms
[0.969s][info   ][gc,start      ] GC(1) Pause Cleanup
[0.969s][info   ][gc            ] GC(1) Pause Cleanup 19M->19M(2048M) 0.079ms
[0.969s][info   ][gc,cpu        ] GC(1) User=0.01s Sys=0.00s Real=0.00s
[0.969s][info   ][gc,marking    ] GC(1) Concurrent Cleanup for Next Mark
[0.972s][info   ][gc,marking    ] GC(1) Concurrent Cleanup for Next Mark 2.586ms
[0.972s][info   ][gc            ] GC(1) Concurrent Cycle 11.682ms
[1.568s][info   ][gc,start      ] GC(2) Pause Young (Normal) (G1 Evacuation Pause)
[1.568s][info   ][gc,task       ] GC(2) Using 33 workers of 33 for evacuation
[1.582s][info   ][gc,phases     ] GC(2)   Pre Evacuate Collection Set: 0.0ms
[1.582s][info   ][gc,phases     ] GC(2)   Evacuate Collection Set: 12.0ms
[1.582s][info   ][gc,phases     ] GC(2)   Post Evacuate Collection Set: 1.3ms
[1.582s][info   ][gc,phases     ] GC(2)   Other: 0.3ms
[1.582s][info   ][gc,heap       ] GC(2) Eden regions: 2->0(2)
[1.582s][info   ][gc,heap       ] GC(2) Survivor regions: 1->1(1)
[1.582s][info   ][gc,heap       ] GC(2) Old regions: 0->1
[1.582s][info   ][gc,heap       ] GC(2) Humongous regions: 0->0
[1.582s][info   ][gc,metaspace  ] GC(2) Metaspace: 29726K(30464K)->29726K(30464K)
[1.582s][info   ][gc            ] GC(2) Pause Young (Normal) (G1 Evacuation Pause) 81M->20M(2048M) 13.670ms
[1.582s][info   ][gc,cpu        ] GC(2) User=0.33s Sys=0.03s Real=0.01s
[1.868s][info   ][gc,start      ] GC(3) Pause Young (Concurrent Start) (Metadata GC Threshold)
[1.868s][info   ][gc,task       ] GC(3) Using 33 workers of 33 for evacuation
[1.876s][info   ][gc,phases     ] GC(3)   Pre Evacuate Collection Set: 0.1ms
[1.876s][info   ][gc,phases     ] GC(3)   Evacuate Collection Set: 6.9ms
[1.876s][info   ][gc,phases     ] GC(3)   Post Evacuate Collection Set: 1.0ms
[1.877s][info   ][gc,phases     ] GC(3)   Other: 0.4ms
[1.877s][info   ][gc,heap       ] GC(3) Eden regions: 2->0(3)
[1.877s][info   ][gc,heap       ] GC(3) Survivor regions: 1->1(1)
[1.877s][info   ][gc,heap       ] GC(3) Old regions: 1->1
[1.877s][info   ][gc,heap       ] GC(3) Humongous regions: 0->0
[1.877s][info   ][gc,metaspace  ] GC(3) Metaspace: 35111K(35840K)->35111K(35840K)
[1.877s][info   ][gc            ] GC(3) Pause Young (Concurrent Start) (Metadata GC Threshold) 57M->24M(2048M) 8.650ms
[1.877s][info   ][gc,cpu        ] GC(3) User=0.11s Sys=0.00s Real=0.00s
[1.877s][info   ][gc            ] GC(4) Concurrent Cycle
[1.877s][info   ][gc,marking    ] GC(4) Concurrent Clear Claimed Marks
[1.877s][info   ][gc,marking    ] GC(4) Concurrent Clear Claimed Marks 0.052ms
[1.877s][info   ][gc,marking    ] GC(4) Concurrent Scan Root Regions
[1.883s][info   ][gc,marking    ] GC(4) Concurrent Scan Root Regions 6.175ms
[1.883s][info   ][gc,marking    ] GC(4) Concurrent Mark (1.883s)
[1.883s][info   ][gc,marking    ] GC(4) Concurrent Mark From Roots
[1.883s][info   ][gc,task       ] GC(4) Using 8 workers of 8 for marking
[1.898s][info   ][gc,marking    ] GC(4) Concurrent Mark From Roots 14.397ms
[1.898s][info   ][gc,marking    ] GC(4) Concurrent Preclean
[1.898s][info   ][gc,marking    ] GC(4) Concurrent Preclean 0.536ms
[1.898s][info   ][gc,marking    ] GC(4) Concurrent Mark (1.883s, 1.898s) 15.033ms
[1.898s][info   ][gc,start      ] GC(4) Pause Remark
[1.912s][info   ][gc,stringtable] GC(4) Cleaned string and symbol table, strings: 14845 processed, 11 removed, symbols: 104030 processed, 29 removed
[1.912s][info   ][gc            ] GC(4) Pause Remark 29M->29M(2048M) 14.001ms
[1.912s][info   ][gc,cpu        ] GC(4) User=0.26s Sys=0.11s Real=0.02s
[1.912s][info   ][gc,marking    ] GC(4) Concurrent Rebuild Remembered Sets
[1.916s][info   ][gc,marking    ] GC(4) Concurrent Rebuild Remembered Sets 3.639ms
[1.916s][info   ][gc,start      ] GC(4) Pause Cleanup
[1.916s][info   ][gc            ] GC(4) Pause Cleanup 29M->29M(2048M) 0.108ms
[1.916s][info   ][gc,cpu        ] GC(4) User=0.00s Sys=0.00s Real=0.00s
[1.916s][info   ][gc,marking    ] GC(4) Concurrent Cleanup for Next Mark
[1.920s][info   ][gc,marking    ] GC(4) Concurrent Cleanup for Next Mark 3.156ms
[1.920s][info   ][gc            ] GC(4) Concurrent Cycle 42.799ms
[2.413s][info   ][gc,start      ] GC(5) Pause Young (Normal) (G1 Evacuation Pause)
[2.414s][info   ][gc,task       ] GC(5) Using 33 workers of 33 for evacuation
[2.438s][info   ][gc,phases     ] GC(5)   Pre Evacuate Collection Set: 0.0ms
[2.438s][info   ][gc,phases     ] GC(5)   Evacuate Collection Set: 23.2ms
[2.438s][info   ][gc,phases     ] GC(5)   Post Evacuate Collection Set: 0.9ms
[2.438s][info   ][gc,phases     ] GC(5)   Other: 0.3ms
[2.438s][info   ][gc,heap       ] GC(5) Eden regions: 2->0(5)
[2.438s][info   ][gc,heap       ] GC(5) Survivor regions: 1->1(1)
[2.438s][info   ][gc,heap       ] GC(5) Old regions: 1->1
[2.438s][info   ][gc,heap       ] GC(5) Humongous regions: 0->0
[2.438s][info   ][gc,metaspace  ] GC(5) Metaspace: 42407K(43520K)->42407K(43520K)
[2.438s][info   ][gc            ] GC(5) Pause Young (Normal) (G1 Evacuation Pause) 88M->26M(2048M) 24.470ms
[2.438s][info   ][gc,cpu        ] GC(5) User=0.30s Sys=0.41s Real=0.02s
[4.865s][info   ][gc,start      ] GC(6) Pause Young (Concurrent Start) (Metadata GC Threshold)
[4.865s][info   ][gc,task       ] GC(6) Using 33 workers of 33 for evacuation
[4.883s][info   ][gc,phases     ] GC(6)   Pre Evacuate Collection Set: 0.5ms
[4.883s][info   ][gc,phases     ] GC(6)   Evacuate Collection Set: 13.2ms
[4.883s][info   ][gc,phases     ] GC(6)   Post Evacuate Collection Set: 2.4ms
[4.883s][info   ][gc,phases     ] GC(6)   Other: 2.2ms
[4.883s][info   ][gc,heap       ] GC(6) Eden regions: 4->0(4)
[4.883s][info   ][gc,heap       ] GC(6) Survivor regions: 1->1(1)
[4.883s][info   ][gc,heap       ] GC(6) Old regions: 1->1
[4.883s][info   ][gc,heap       ] GC(6) Humongous regions: 0->0
[4.883s][info   ][gc,metaspace  ] GC(6) Metaspace: 56278K(60160K)->56278K(60160K)
[4.883s][info   ][gc            ] GC(6) Pause Young (Concurrent Start) (Metadata GC Threshold) 150M->36M(2912M) 18.349ms
[4.883s][info   ][gc,cpu        ] GC(6) User=0.30s Sys=0.03s Real=0.02s
[4.883s][info   ][gc            ] GC(7) Concurrent Cycle
[4.883s][info   ][gc,marking    ] GC(7) Concurrent Clear Claimed Marks
[4.883s][info   ][gc,marking    ] GC(7) Concurrent Clear Claimed Marks 0.169ms
[4.883s][info   ][gc,marking    ] GC(7) Concurrent Scan Root Regions
[4.897s][info   ][gc,marking    ] GC(7) Concurrent Scan Root Regions 14.044ms
[4.897s][info   ][gc,marking    ] GC(7) Concurrent Mark (4.897s)
[4.898s][info   ][gc,marking    ] GC(7) Concurrent Mark From Roots
[4.898s][info   ][gc,task       ] GC(7) Using 8 workers of 8 for marking
[4.909s][info   ][gc,marking    ] GC(7) Concurrent Mark From Roots 11.115ms
[4.909s][info   ][gc,marking    ] GC(7) Concurrent Preclean
[4.909s][info   ][gc,marking    ] GC(7) Concurrent Preclean 0.303ms
[4.909s][info   ][gc,marking    ] GC(7) Concurrent Mark (4.897s, 4.909s) 11.468ms
[4.909s][info   ][gc,start      ] GC(7) Pause Remark
[4.913s][info   ][gc,stringtable] GC(7) Cleaned string and symbol table, strings: 19426 processed, 0 removed, symbols: 141662 processed, 28 removed
[4.913s][info   ][gc            ] GC(7) Pause Remark 43M->43M(2912M) 4.015ms
[4.913s][info   ][gc,cpu        ] GC(7) User=0.01s Sys=0.08s Real=0.00s
[4.913s][info   ][gc,marking    ] GC(7) Concurrent Rebuild Remembered Sets
[4.917s][info   ][gc,marking    ] GC(7) Concurrent Rebuild Remembered Sets 3.736ms
[4.917s][info   ][gc,start      ] GC(7) Pause Cleanup
[4.917s][info   ][gc            ] GC(7) Pause Cleanup 44M->44M(2912M) 0.150ms
[4.917s][info   ][gc,cpu        ] GC(7) User=0.00s Sys=0.00s Real=0.00s
[4.918s][info   ][gc,marking    ] GC(7) Concurrent Cleanup for Next Mark
[4.932s][info   ][gc,marking    ] GC(7) Concurrent Cleanup for Next Mark 14.001ms
[4.932s][info   ][gc            ] GC(7) Concurrent Cycle 48.490ms
[5.206s][info   ][gc,start      ] GC(8) Pause Young (Concurrent Start) (G1 Evacuation Pause)
[5.206s][info   ][gc,task       ] GC(8) Using 33 workers of 33 for evacuation
[5.217s][info   ][gc,phases     ] GC(8)   Pre Evacuate Collection Set: 0.6ms
[5.217s][info   ][gc,phases     ] GC(8)   Evacuate Collection Set: 9.4ms
[5.217s][info   ][gc,phases     ] GC(8)   Post Evacuate Collection Set: 1.4ms
[5.217s][info   ][gc,phases     ] GC(8)   Other: 0.4ms
[5.217s][info   ][gc,heap       ] GC(8) Eden regions: 4->0(5)
[5.217s][info   ][gc,heap       ] GC(8) Survivor regions: 1->1(1)
[5.217s][info   ][gc,heap       ] GC(8) Old regions: 1->1
[5.217s][info   ][gc,heap       ] GC(8) Humongous regions: 0->0
[5.217s][info   ][gc,metaspace  ] GC(8) Metaspace: 63684K(68608K)->63684K(68608K)
[5.218s][info   ][gc            ] GC(8) Pause Young (Concurrent Start) (G1 Evacuation Pause) 164M->40M(2912M) 12.017ms
[5.218s][info   ][gc,cpu        ] GC(8) User=0.16s Sys=0.07s Real=0.01s
[5.218s][info   ][gc            ] GC(9) Concurrent Cycle
[5.218s][info   ][gc,marking    ] GC(9) Concurrent Clear Claimed Marks
[5.218s][info   ][gc,marking    ] GC(9) Concurrent Clear Claimed Marks 0.220ms
[5.218s][info   ][gc,marking    ] GC(9) Concurrent Scan Root Regions
[5.230s][info   ][gc,marking    ] GC(9) Concurrent Scan Root Regions 12.180ms
[5.230s][info   ][gc,marking    ] GC(9) Concurrent Mark (5.230s)
[5.230s][info   ][gc,marking    ] GC(9) Concurrent Mark From Roots
[5.230s][info   ][gc,task       ] GC(9) Using 8 workers of 8 for marking
[5.247s][info   ][gc,marking    ] GC(9) Concurrent Mark From Roots 16.571ms
[5.247s][info   ][gc,marking    ] GC(9) Concurrent Preclean
[5.247s][info   ][gc,marking    ] GC(9) Concurrent Preclean 0.470ms
[5.247s][info   ][gc,marking    ] GC(9) Concurrent Mark (5.230s, 5.247s) 17.151ms
[5.250s][info   ][gc,start      ] GC(9) Pause Remark
[5.252s][info   ][gc,stringtable] GC(9) Cleaned string and symbol table, strings: 21308 processed, 0 removed, symbols: 156117 processed, 18 removed
[5.252s][info   ][gc            ] GC(9) Pause Remark 58M->58M(2912M) 2.845ms
[5.252s][info   ][gc,cpu        ] GC(9) User=0.06s Sys=0.00s Real=0.00s
[5.252s][info   ][gc,marking    ] GC(9) Concurrent Rebuild Remembered Sets
[5.259s][info   ][gc,marking    ] GC(9) Concurrent Rebuild Remembered Sets 6.585ms
[5.270s][info   ][gc,start      ] GC(9) Pause Cleanup
[5.270s][info   ][gc            ] GC(9) Pause Cleanup 60M->60M(2912M) 0.112ms
[5.270s][info   ][gc,cpu        ] GC(9) User=0.00s Sys=0.00s Real=0.00s
[5.270s][info   ][gc,marking    ] GC(9) Concurrent Cleanup for Next Mark
[5.272s][info   ][gc,marking    ] GC(9) Concurrent Cleanup for Next Mark 2.294ms
[5.272s][info   ][gc            ] GC(9) Concurrent Cycle 54.516ms
[5.596s][info   ][gc,start      ] GC(10) Pause Young (Normal) (G1 Evacuation Pause)
[5.596s][info   ][gc,task       ] GC(10) Using 33 workers of 33 for evacuation
[5.622s][info   ][gc,phases     ] GC(10)   Pre Evacuate Collection Set: 0.0ms
[5.622s][info   ][gc,phases     ] GC(10)   Evacuate Collection Set: 24.2ms
[5.622s][info   ][gc,phases     ] GC(10)   Post Evacuate Collection Set: 1.3ms
[5.622s][info   ][gc,phases     ] GC(10)   Other: 0.3ms
[5.622s][info   ][gc,heap       ] GC(10) Eden regions: 5->0(5)
[5.622s][info   ][gc,heap       ] GC(10) Survivor regions: 1->1(1)
[5.622s][info   ][gc,heap       ] GC(10) Old regions: 1->1
[5.622s][info   ][gc,heap       ] GC(10) Humongous regions: 0->0
[5.622s][info   ][gc,metaspace  ] GC(10) Metaspace: 71442K(77824K)->71442K(77824K)
[5.622s][info   ][gc            ] GC(10) Pause Young (Normal) (G1 Evacuation Pause) 200M->45M(2912M) 25.818ms
[5.622s][info   ][gc,cpu        ] GC(10) User=0.96s Sys=0.00s Real=0.03s
[6.979s][info   ][gc,start      ] GC(11) Pause Young (Normal) (G1 Evacuation Pause)
[6.979s][info   ][gc,task       ] GC(11) Using 33 workers of 33 for evacuation
[7.027s][info   ][gc,phases     ] GC(11)   Pre Evacuate Collection Set: 0.0ms
[7.027s][info   ][gc,phases     ] GC(11)   Evacuate Collection Set: 46.2ms
[7.027s][info   ][gc,phases     ] GC(11)   Post Evacuate Collection Set: 1.4ms
[7.027s][info   ][gc,phases     ] GC(11)   Other: 0.6ms
[7.027s][info   ][gc,heap       ] GC(11) Eden regions: 5->0(6)
[7.027s][info   ][gc,heap       ] GC(11) Survivor regions: 1->1(1)
[7.027s][info   ][gc,heap       ] GC(11) Old regions: 1->2
[7.027s][info   ][gc,heap       ] GC(11) Humongous regions: 0->0
[7.027s][info   ][gc,metaspace  ] GC(11) Metaspace: 86618K(97024K)->86618K(97024K)
[7.027s][info   ][gc            ] GC(11) Pause Young (Normal) (G1 Evacuation Pause) 205M->59M(2912M) 48.243ms
[7.027s][info   ][gc,cpu        ] GC(11) User=1.55s Sys=0.03s Real=0.06s
[8.184s][info   ][gc,start      ] GC(12) Pause Young (Normal) (G1 Evacuation Pause)
[8.184s][info   ][gc,task       ] GC(12) Using 33 workers of 33 for evacuation
[8.212s][info   ][gc,phases     ] GC(12)   Pre Evacuate Collection Set: 0.0ms
[8.212s][info   ][gc,phases     ] GC(12)   Evacuate Collection Set: 25.5ms
[8.212s][info   ][gc,phases     ] GC(12)   Post Evacuate Collection Set: 2.3ms
[8.212s][info   ][gc,phases     ] GC(12)   Other: 0.3ms
[8.212s][info   ][gc,heap       ] GC(12) Eden regions: 6->0(7)
[8.212s][info   ][gc,heap       ] GC(12) Survivor regions: 1->1(1)
[8.212s][info   ][gc,heap       ] GC(12) Old regions: 2->2
[8.212s][info   ][gc,heap       ] GC(12) Humongous regions: 0->0
[8.212s][info   ][gc,metaspace  ] GC(12) Metaspace: 99238K(110080K)->99238K(110080K)
[8.212s][info   ][gc            ] GC(12) Pause Young (Normal) (G1 Evacuation Pause) 251M->93M(3840M) 28.200ms
[8.212s][info   ][gc,cpu        ] GC(12) User=0.55s Sys=0.05s Real=0.03s
[8.354s][info   ][gc,start      ] GC(13) Pause Young (Normal) (G1 Evacuation Pause)
[8.354s][info   ][gc,task       ] GC(13) Using 33 workers of 33 for evacuation
[8.360s][info   ][gc,phases     ] GC(13)   Pre Evacuate Collection Set: 0.0ms
[8.360s][info   ][gc,phases     ] GC(13)   Evacuate Collection Set: 5.8ms
[8.360s][info   ][gc,phases     ] GC(13)   Post Evacuate Collection Set: 0.5ms
[8.360s][info   ][gc,phases     ] GC(13)   Other: 0.3ms
[8.360s][info   ][gc,heap       ] GC(13) Eden regions: 7->0(8)
[8.360s][info   ][gc,heap       ] GC(13) Survivor regions: 1->1(1)
[8.360s][info   ][gc,heap       ] GC(13) Old regions: 2->3
[8.360s][info   ][gc,heap       ] GC(13) Humongous regions: 0->0
[8.360s][info   ][gc,metaspace  ] GC(13) Metaspace: 99359K(110080K)->99359K(110080K)
[8.360s][info   ][gc            ] GC(13) Pause Young (Normal) (G1 Evacuation Pause) 317M->121M(3840M) 6.659ms
[8.361s][info   ][gc,cpu        ] GC(13) User=0.10s Sys=0.03s Real=0.01s
[8.413s][info   ][gc,start      ] GC(14) Pause Young (Normal) (G1 Evacuation Pause)
[8.413s][info   ][gc,task       ] GC(14) Using 33 workers of 33 for evacuation
[8.424s][info   ][gc,phases     ] GC(14)   Pre Evacuate Collection Set: 0.0ms
[8.424s][info   ][gc,phases     ] GC(14)   Evacuate Collection Set: 9.7ms
[8.424s][info   ][gc,phases     ] GC(14)   Post Evacuate Collection Set: 0.7ms
[8.424s][info   ][gc,phases     ] GC(14)   Other: 0.4ms
[8.424s][info   ][gc,heap       ] GC(14) Eden regions: 8->0(19)
[8.424s][info   ][gc,heap       ] GC(14) Survivor regions: 1->2(2)
[8.424s][info   ][gc,heap       ] GC(14) Old regions: 3->3
[8.424s][info   ][gc,heap       ] GC(14) Humongous regions: 0->0
[8.424s][info   ][gc,metaspace  ] GC(14) Metaspace: 99411K(110336K)->99411K(110336K)
[8.424s][info   ][gc            ] GC(14) Pause Young (Normal) (G1 Evacuation Pause) 377M->149M(3840M) 10.978ms
[8.424s][info   ][gc,cpu        ] GC(14) User=0.03s Sys=0.10s Real=0.01s
[8.612s][info   ][gc,start      ] GC(15) Pause Young (Normal) (G1 Evacuation Pause)
[8.612s][info   ][gc,task       ] GC(15) Using 33 workers of 33 for evacuation
[8.660s][info   ][gc,phases     ] GC(15)   Pre Evacuate Collection Set: 0.0ms
[8.660s][info   ][gc,phases     ] GC(15)   Evacuate Collection Set: 47.1ms
[8.660s][info   ][gc,phases     ] GC(15)   Post Evacuate Collection Set: 0.8ms
[8.660s][info   ][gc,phases     ] GC(15)   Other: 0.4ms
[8.660s][info   ][gc,heap       ] GC(15) Eden regions: 19->0(21)
[8.660s][info   ][gc,heap       ] GC(15) Survivor regions: 2->3(3)
[8.660s][info   ][gc,heap       ] GC(15) Old regions: 3->4
[8.660s][info   ][gc,heap       ] GC(15) Humongous regions: 0->0
[8.660s][info   ][gc,metaspace  ] GC(15) Metaspace: 99440K(110336K)->99440K(110336K)
[8.660s][info   ][gc            ] GC(15) Pause Young (Normal) (G1 Evacuation Pause) 757M->212M(3840M) 48.459ms
[8.660s][info   ][gc,cpu        ] GC(15) User=0.71s Sys=0.11s Real=0.05s
[8.942s][info   ][gc,start      ] GC(16) Pause Young (Normal) (G1 Evacuation Pause)
[8.942s][info   ][gc,task       ] GC(16) Using 33 workers of 33 for evacuation
[9.021s][info   ][gc,phases     ] GC(16)   Pre Evacuate Collection Set: 0.0ms
[9.021s][info   ][gc,phases     ] GC(16)   Evacuate Collection Set: 77.4ms
[9.021s][info   ][gc,phases     ] GC(16)   Post Evacuate Collection Set: 1.0ms
[9.021s][info   ][gc,phases     ] GC(16)   Other: 0.4ms
[9.021s][info   ][gc,heap       ] GC(16) Eden regions: 21->0(24)
[9.021s][info   ][gc,heap       ] GC(16) Survivor regions: 3->3(3)
[9.021s][info   ][gc,heap       ] GC(16) Old regions: 4->6
[9.021s][info   ][gc,heap       ] GC(16) Humongous regions: 0->0
[9.021s][info   ][gc,metaspace  ] GC(16) Metaspace: 99510K(110336K)->99510K(110336K)
[9.021s][info   ][gc            ] GC(16) Pause Young (Normal) (G1 Evacuation Pause) 884M->271M(3840M) 78.979ms
[9.021s][info   ][gc,cpu        ] GC(16) User=1.06s Sys=0.14s Real=0.08s
[9.260s][info   ][gc,start      ] GC(17) Pause Young (Normal) (G1 Evacuation Pause)
[9.260s][info   ][gc,task       ] GC(17) Using 33 workers of 33 for evacuation
[9.317s][info   ][gc,phases     ] GC(17)   Pre Evacuate Collection Set: 0.1ms
[9.317s][info   ][gc,phases     ] GC(17)   Evacuate Collection Set: 51.3ms
[9.317s][info   ][gc,phases     ] GC(17)   Post Evacuate Collection Set: 5.4ms
[9.317s][info   ][gc,phases     ] GC(17)   Other: 0.4ms
[9.317s][info   ][gc,heap       ] GC(17) Eden regions: 24->0(33)
[9.317s][info   ][gc,heap       ] GC(17) Survivor regions: 3->3(4)
[9.317s][info   ][gc,heap       ] GC(17) Old regions: 6->7
[9.317s][info   ][gc,heap       ] GC(17) Humongous regions: 0->0
[9.317s][info   ][gc,metaspace  ] GC(17) Metaspace: 99618K(110336K)->99618K(110336K)
[9.317s][info   ][gc            ] GC(17) Pause Young (Normal) (G1 Evacuation Pause) 1038M->286M(6176M) 57.374ms
[9.317s][info   ][gc,cpu        ] GC(17) User=0.30s Sys=0.07s Real=0.05s
[10.264s][info   ][gc,start      ] GC(18) Pause Young (Normal) (G1 Evacuation Pause)
[10.264s][info   ][gc,task       ] GC(18) Using 33 workers of 33 for evacuation
[10.360s][info   ][gc,phases     ] GC(18)   Pre Evacuate Collection Set: 0.0ms
[10.360s][info   ][gc,phases     ] GC(18)   Evacuate Collection Set: 93.5ms
[10.360s][info   ][gc,phases     ] GC(18)   Post Evacuate Collection Set: 1.7ms
[10.360s][info   ][gc,phases     ] GC(18)   Other: 0.5ms
[10.360s][info   ][gc,heap       ] GC(18) Eden regions: 33->0(34)
[10.360s][info   ][gc,heap       ] GC(18) Survivor regions: 3->5(5)
[10.360s][info   ][gc,heap       ] GC(18) Old regions: 7->14
[10.360s][info   ][gc,heap       ] GC(18) Humongous regions: 0->0
[10.360s][info   ][gc,metaspace  ] GC(18) Metaspace: 100302K(111104K)->100302K(111104K)
[10.360s][info   ][gc            ] GC(18) Pause Young (Normal) (G1 Evacuation Pause) 1342M->600M(6176M) 95.786ms
[10.360s][info   ][gc,cpu        ] GC(18) User=0.56s Sys=1.89s Real=0.10s
[10.563s][info   ][gc,start      ] GC(19) Pause Young (Normal) (G1 Evacuation Pause)
[10.563s][info   ][gc,task       ] GC(19) Using 33 workers of 33 for evacuation
[10.648s][info   ][gc,phases     ] GC(19)   Pre Evacuate Collection Set: 0.0ms
[10.649s][info   ][gc,phases     ] GC(19)   Evacuate Collection Set: 83.7ms
[10.649s][info   ][gc,phases     ] GC(19)   Post Evacuate Collection Set: 1.5ms
[10.649s][info   ][gc,phases     ] GC(19)   Other: 0.4ms
[10.649s][info   ][gc,heap       ] GC(19) Eden regions: 34->0(31)
[10.649s][info   ][gc,heap       ] GC(19) Survivor regions: 5->5(5)
[10.649s][info   ][gc,heap       ] GC(19) Old regions: 14->29
[10.649s][info   ][gc,heap       ] GC(19) Humongous regions: 0->0
[10.649s][info   ][gc,metaspace  ] GC(19) Metaspace: 100303K(111104K)->100303K(111104K)
[10.649s][info   ][gc            ] GC(19) Pause Young (Normal) (G1 Evacuation Pause) 1688M->1064M(6176M) 85.695ms
[10.649s][info   ][gc,cpu        ] GC(19) User=1.53s Sys=1.64s Real=0.09s
[11.507s][info   ][gc,start      ] GC(20) Pause Young (Concurrent Start) (Metadata GC Threshold)
[11.507s][info   ][gc,task       ] GC(20) Using 33 workers of 33 for evacuation
[11.612s][info   ][gc,phases     ] GC(20)   Pre Evacuate Collection Set: 2.0ms
[11.612s][info   ][gc,phases     ] GC(20)   Evacuate Collection Set: 101.5ms
[11.612s][info   ][gc,phases     ] GC(20)   Post Evacuate Collection Set: 1.5ms
[11.612s][info   ][gc,phases     ] GC(20)   Other: 0.7ms
[11.612s][info   ][gc,heap       ] GC(20) Eden regions: 29->0(30)
[11.612s][info   ][gc,heap       ] GC(20) Survivor regions: 5->5(5)
[11.612s][info   ][gc,heap       ] GC(20) Old regions: 29->33
[11.612s][info   ][gc,heap       ] GC(20) Humongous regions: 0->0
[11.612s][info   ][gc,metaspace  ] GC(20) Metaspace: 105095K(116908K)->105095K(116908K)
[11.613s][info   ][gc            ] GC(20) Pause Young (Concurrent Start) (Metadata GC Threshold) 1979M->1216M(6176M) 105.733ms
[11.613s][info   ][gc,cpu        ] GC(20) User=1.70s Sys=1.82s Real=0.11s
[11.613s][info   ][gc            ] GC(21) Concurrent Cycle
[11.613s][info   ][gc,marking    ] GC(21) Concurrent Clear Claimed Marks
[11.614s][info   ][gc,marking    ] GC(21) Concurrent Clear Claimed Marks 1.762ms
[11.614s][info   ][gc,marking    ] GC(21) Concurrent Scan Root Regions
[11.634s][info   ][gc,marking    ] GC(21) Concurrent Scan Root Regions 19.081ms
[11.634s][info   ][gc,marking    ] GC(21) Concurrent Mark (11.634s)
[11.634s][info   ][gc,marking    ] GC(21) Concurrent Mark From Roots
[11.634s][info   ][gc,task       ] GC(21) Using 8 workers of 8 for marking
[11.886s][info   ][gc,marking    ] GC(21) Concurrent Mark From Roots 252.133ms
[11.886s][info   ][gc,marking    ] GC(21) Concurrent Preclean
[11.887s][info   ][gc,marking    ] GC(21) Concurrent Preclean 1.580ms
[11.888s][info   ][gc,marking    ] GC(21) Concurrent Mark (11.634s, 11.888s) 253.888ms
[11.888s][info   ][gc,start      ] GC(21) Pause Remark
[11.955s][info   ][gc,stringtable] GC(21) Cleaned string and symbol table, strings: 31909 processed, 3076 removed, symbols: 218167 processed, 27 removed
[11.974s][info   ][gc            ] GC(21) Pause Remark 1300M->1300M(6176M) 85.412ms
[11.974s][info   ][gc,cpu        ] GC(21) User=0.61s Sys=0.85s Real=0.08s
[11.974s][info   ][gc,marking    ] GC(21) Concurrent Rebuild Remembered Sets
[12.332s][info   ][gc,marking    ] GC(21) Concurrent Rebuild Remembered Sets 358.645ms
[12.333s][info   ][gc,start      ] GC(21) Pause Cleanup
[12.333s][info   ][gc            ] GC(21) Pause Cleanup 1531M->1531M(6176M) 0.230ms
[12.333s][info   ][gc,cpu        ] GC(21) User=0.00s Sys=0.00s Real=0.00s
[12.333s][info   ][gc,marking    ] GC(21) Concurrent Cleanup for Next Mark
[12.349s][info   ][gc,marking    ] GC(21) Concurrent Cleanup for Next Mark 15.212ms
[12.349s][info   ][gc            ] GC(21) Concurrent Cycle 736.069ms
[12.791s][info   ][gc,heap,exit  ] Heap
[12.791s][info   ][gc,heap,exit  ]  garbage-first heap   total 6324224K, used 1671168K [0x00007f7cec000000, 0x00007fa26c000000)
[12.791s][info   ][gc,heap,exit  ]   region size 32768K, 20 young (655360K), 5 survivors (163840K)
[12.792s][info   ][gc,heap,exit  ]  Metaspace       used 87948K, capacity 93401K, committed 123140K, reserved 124928K
