[0.006s][warning][gc] -XX:+PrintGCDetails is deprecated. Will use -Xlog:gc* instead.
[0.011s][info   ][gc,heap] Heap region size: 32M
[0.024s][info   ][gc     ] Using G1
[0.934s][info   ][gc,start] GC(0) Pause Young (Concurrent Start) (Metadata GC Threshold)
[0.939s][info   ][gc,task ] GC(0) Using 33 workers of 33 for evacuation
[0.974s][info   ][gc,phases] GC(0)   Pre Evacuate Collection Set: 0.0ms
[0.974s][info   ][gc,phases] GC(0)   Evacuate Collection Set: 26.3ms
[0.974s][info   ][gc,phases] GC(0)   Post Evacuate Collection Set: 8.3ms
[0.974s][info   ][gc,phases] GC(0)   Other: 5.3ms
[0.974s][info   ][gc,heap  ] GC(0) Eden regions: 3->0(2)
[0.974s][info   ][gc,heap  ] GC(0) Survivor regions: 0->1(1)
[0.974s][info   ][gc,heap  ] GC(0) Old regions: 0->0
[0.974s][info   ][gc,heap  ] GC(0) Humongous regions: 0->0
[0.974s][info   ][gc,metaspace] GC(0) Metaspace: 21047K(21248K)->21047K(21248K)
[0.974s][info   ][gc          ] GC(0) Pause Young (Concurrent Start) (Metadata GC Threshold) 88M->17M(2048M) 40.052ms
[0.974s][info   ][gc,cpu      ] GC(0) User=0.44s Sys=0.02s Real=0.04s
[0.974s][info   ][gc          ] GC(1) Concurrent Cycle
[0.974s][info   ][gc,marking  ] GC(1) Concurrent Clear Claimed Marks
[0.974s][info   ][gc,marking  ] GC(1) Concurrent Clear Claimed Marks 0.011ms
[0.974s][info   ][gc,marking  ] GC(1) Concurrent Scan Root Regions
[0.977s][info   ][gc,marking  ] GC(1) Concurrent Scan Root Regions 2.665ms
[0.977s][info   ][gc,marking  ] GC(1) Concurrent Mark (0.977s)
[0.977s][info   ][gc,marking  ] GC(1) Concurrent Mark From Roots
[0.977s][info   ][gc,task     ] GC(1) Using 8 workers of 8 for marking
[0.980s][info   ][gc,marking  ] GC(1) Concurrent Mark From Roots 3.439ms
[0.980s][info   ][gc,marking  ] GC(1) Concurrent Preclean
[0.981s][info   ][gc,marking  ] GC(1) Concurrent Preclean 0.222ms
[0.981s][info   ][gc,marking  ] GC(1) Concurrent Mark (0.977s, 0.981s) 3.699ms
[0.981s][info   ][gc,start    ] GC(1) Pause Remark
[0.990s][info   ][gc,stringtable] GC(1) Cleaned string and symbol table, strings: 6146 processed, 0 removed, symbols: 67119 processed, 19 removed
[0.990s][info   ][gc            ] GC(1) Pause Remark 19M->19M(2048M) 9.620ms
[0.990s][info   ][gc,cpu        ] GC(1) User=0.22s Sys=0.00s Real=0.01s
[0.990s][info   ][gc,marking    ] GC(1) Concurrent Rebuild Remembered Sets
[0.990s][info   ][gc,marking    ] GC(1) Concurrent Rebuild Remembered Sets 0.036ms
[0.991s][info   ][gc,start      ] GC(1) Pause Cleanup
[0.991s][info   ][gc            ] GC(1) Pause Cleanup 19M->19M(2048M) 0.087ms
[0.991s][info   ][gc,cpu        ] GC(1) User=0.00s Sys=0.00s Real=0.00s
[0.991s][info   ][gc,marking    ] GC(1) Concurrent Cleanup for Next Mark
[0.994s][info   ][gc,marking    ] GC(1) Concurrent Cleanup for Next Mark 2.905ms
[0.994s][info   ][gc            ] GC(1) Concurrent Cycle 19.378ms
[1.623s][info   ][gc,start      ] GC(2) Pause Young (Normal) (G1 Evacuation Pause)
[1.623s][info   ][gc,task       ] GC(2) Using 33 workers of 33 for evacuation
[1.636s][info   ][gc,phases     ] GC(2)   Pre Evacuate Collection Set: 0.0ms
[1.636s][info   ][gc,phases     ] GC(2)   Evacuate Collection Set: 11.4ms
[1.636s][info   ][gc,phases     ] GC(2)   Post Evacuate Collection Set: 1.3ms
[1.636s][info   ][gc,phases     ] GC(2)   Other: 0.2ms
[1.636s][info   ][gc,heap       ] GC(2) Eden regions: 2->0(2)
[1.636s][info   ][gc,heap       ] GC(2) Survivor regions: 1->1(1)
[1.636s][info   ][gc,heap       ] GC(2) Old regions: 0->1
[1.636s][info   ][gc,heap       ] GC(2) Humongous regions: 0->0
[1.636s][info   ][gc,metaspace  ] GC(2) Metaspace: 31725K(32512K)->31725K(32512K)
[1.636s][info   ][gc            ] GC(2) Pause Young (Normal) (G1 Evacuation Pause) 81M->23M(2048M) 13.101ms
[1.636s][info   ][gc,cpu        ] GC(2) User=0.28s Sys=0.06s Real=0.02s
[1.854s][info   ][gc,start      ] GC(3) Pause Young (Concurrent Start) (Metadata GC Threshold)
[1.854s][info   ][gc,task       ] GC(3) Using 33 workers of 33 for evacuation
[1.862s][info   ][gc,phases     ] GC(3)   Pre Evacuate Collection Set: 0.1ms
[1.862s][info   ][gc,phases     ] GC(3)   Evacuate Collection Set: 6.7ms
[1.862s][info   ][gc,phases     ] GC(3)   Post Evacuate Collection Set: 0.8ms
[1.862s][info   ][gc,phases     ] GC(3)   Other: 0.4ms
[1.862s][info   ][gc,heap       ] GC(3) Eden regions: 1->0(2)
[1.862s][info   ][gc,heap       ] GC(3) Survivor regions: 1->1(1)
[1.862s][info   ][gc,heap       ] GC(3) Old regions: 1->1
[1.862s][info   ][gc,heap       ] GC(3) Humongous regions: 0->0
[1.862s][info   ][gc,metaspace  ] GC(3) Metaspace: 35119K(35840K)->35119K(35840K)
[1.862s][info   ][gc            ] GC(3) Pause Young (Concurrent Start) (Metadata GC Threshold) 40M->24M(2048M) 8.241ms
[1.862s][info   ][gc,cpu        ] GC(3) User=0.13s Sys=0.00s Real=0.01s
[1.862s][info   ][gc            ] GC(4) Concurrent Cycle
[1.862s][info   ][gc,marking    ] GC(4) Concurrent Clear Claimed Marks
[1.862s][info   ][gc,marking    ] GC(4) Concurrent Clear Claimed Marks 0.049ms
[1.862s][info   ][gc,marking    ] GC(4) Concurrent Scan Root Regions
[1.868s][info   ][gc,marking    ] GC(4) Concurrent Scan Root Regions 6.061ms
[1.868s][info   ][gc,marking    ] GC(4) Concurrent Mark (1.868s)
[1.868s][info   ][gc,marking    ] GC(4) Concurrent Mark From Roots
[1.868s][info   ][gc,task       ] GC(4) Using 8 workers of 8 for marking
[1.886s][info   ][gc,marking    ] GC(4) Concurrent Mark From Roots 17.514ms
[1.886s][info   ][gc,marking    ] GC(4) Concurrent Preclean
[1.886s][info   ][gc,marking    ] GC(4) Concurrent Preclean 0.402ms
[1.886s][info   ][gc,marking    ] GC(4) Concurrent Mark (1.868s, 1.886s) 17.996ms
[1.887s][info   ][gc,start      ] GC(4) Pause Remark
[1.899s][info   ][gc,stringtable] GC(4) Cleaned string and symbol table, strings: 14847 processed, 11 removed, symbols: 104591 processed, 29 removed
[1.900s][info   ][gc            ] GC(4) Pause Remark 28M->28M(2048M) 12.730ms
[1.900s][info   ][gc,cpu        ] GC(4) User=0.25s Sys=0.10s Real=0.01s
[1.900s][info   ][gc,marking    ] GC(4) Concurrent Rebuild Remembered Sets
[1.904s][info   ][gc,marking    ] GC(4) Concurrent Rebuild Remembered Sets 4.626ms
[1.905s][info   ][gc,start      ] GC(4) Pause Cleanup
[1.905s][info   ][gc            ] GC(4) Pause Cleanup 28M->28M(2048M) 0.125ms
[1.905s][info   ][gc,cpu        ] GC(4) User=0.00s Sys=0.00s Real=0.00s
[1.905s][info   ][gc,marking    ] GC(4) Concurrent Cleanup for Next Mark
[1.911s][info   ][gc,marking    ] GC(4) Concurrent Cleanup for Next Mark 6.137ms
[1.911s][info   ][gc            ] GC(4) Concurrent Cycle 48.881ms
[4.236s][info   ][gc,start      ] GC(5) Pause Young (Concurrent Start) (G1 Evacuation Pause)
[4.236s][info   ][gc,task       ] GC(5) Using 33 workers of 33 for evacuation
[4.260s][info   ][gc,phases     ] GC(5)   Pre Evacuate Collection Set: 0.1ms
[4.260s][info   ][gc,phases     ] GC(5)   Evacuate Collection Set: 20.2ms
[4.260s][info   ][gc,phases     ] GC(5)   Post Evacuate Collection Set: 1.1ms
[4.260s][info   ][gc,phases     ] GC(5)   Other: 2.8ms
[4.260s][info   ][gc,heap       ] GC(5) Eden regions: 2->0(4)
[4.260s][info   ][gc,heap       ] GC(5) Survivor regions: 1->1(1)
[4.260s][info   ][gc,heap       ] GC(5) Old regions: 1->1
[4.260s][info   ][gc,heap       ] GC(5) Humongous regions: 0->0
[4.260s][info   ][gc,metaspace  ] GC(5) Metaspace: 43292K(44544K)->43292K(44544K)
[4.260s][info   ][gc            ] GC(5) Pause Young (Concurrent Start) (G1 Evacuation Pause) 88M->27M(2048M) 24.246ms
[4.260s][info   ][gc,cpu        ] GC(5) User=0.18s Sys=0.29s Real=0.02s
[4.260s][info   ][gc            ] GC(6) Concurrent Cycle
[4.260s][info   ][gc,marking    ] GC(6) Concurrent Clear Claimed Marks
[4.260s][info   ][gc,marking    ] GC(6) Concurrent Clear Claimed Marks 0.038ms
[4.260s][info   ][gc,marking    ] GC(6) Concurrent Scan Root Regions
[4.265s][info   ][gc,marking    ] GC(6) Concurrent Scan Root Regions 4.478ms
[4.265s][info   ][gc,marking    ] GC(6) Concurrent Mark (4.265s)
[4.265s][info   ][gc,marking    ] GC(6) Concurrent Mark From Roots
[4.265s][info   ][gc,task       ] GC(6) Using 8 workers of 8 for marking
[4.294s][info   ][gc,marking    ] GC(6) Concurrent Mark From Roots 29.116ms
[4.294s][info   ][gc,marking    ] GC(6) Concurrent Preclean
[4.295s][info   ][gc,marking    ] GC(6) Concurrent Preclean 0.666ms
[4.295s][info   ][gc,marking    ] GC(6) Concurrent Mark (4.265s, 4.295s) 29.886ms
[4.296s][info   ][gc,start      ] GC(6) Pause Remark
[4.299s][info   ][gc,stringtable] GC(6) Cleaned string and symbol table, strings: 16642 processed, 0 removed, symbols: 126583 processed, 25 removed
[4.300s][info   ][gc            ] GC(6) Pause Remark 36M->36M(2048M) 4.212ms
[4.300s][info   ][gc,cpu        ] GC(6) User=0.06s Sys=0.06s Real=0.00s
[4.300s][info   ][gc,marking    ] GC(6) Concurrent Rebuild Remembered Sets
[4.308s][info   ][gc,marking    ] GC(6) Concurrent Rebuild Remembered Sets 8.277ms
[4.310s][info   ][gc,start      ] GC(6) Pause Cleanup
[4.310s][info   ][gc            ] GC(6) Pause Cleanup 39M->39M(2048M) 0.123ms
[4.310s][info   ][gc,cpu        ] GC(6) User=0.01s Sys=0.00s Real=0.00s
[4.310s][info   ][gc,marking    ] GC(6) Concurrent Cleanup for Next Mark
[4.338s][info   ][gc,marking    ] GC(6) Concurrent Cleanup for Next Mark 28.144ms
[4.339s][info   ][gc            ] GC(6) Concurrent Cycle 78.400ms
[4.982s][info   ][gc,start      ] GC(7) Pause Young (Normal) (GCLocker Initiated GC)
[4.982s][info   ][gc,task       ] GC(7) Using 33 workers of 33 for evacuation
[4.998s][info   ][gc,phases     ] GC(7)   Pre Evacuate Collection Set: 0.0ms
[4.998s][info   ][gc,phases     ] GC(7)   Evacuate Collection Set: 12.8ms
[4.998s][info   ][gc,phases     ] GC(7)   Post Evacuate Collection Set: 2.5ms
[4.998s][info   ][gc,phases     ] GC(7)   Other: 0.3ms
[4.998s][info   ][gc,heap       ] GC(7) Eden regions: 5->0(5)
[4.998s][info   ][gc,heap       ] GC(7) Survivor regions: 1->1(1)
[4.998s][info   ][gc,heap       ] GC(7) Old regions: 1->1
[4.998s][info   ][gc,heap       ] GC(7) Humongous regions: 0->0
[4.998s][info   ][gc,metaspace  ] GC(7) Metaspace: 59725K(63744K)->59725K(63744K)
[4.998s][info   ][gc            ] GC(7) Pause Young (Normal) (GCLocker Initiated GC) 155M->39M(2752M) 15.688ms
[4.998s][info   ][gc,cpu        ] GC(7) User=0.33s Sys=0.11s Real=0.02s
[5.289s][info   ][gc,start      ] GC(8) Pause Young (Normal) (G1 Evacuation Pause)
[5.289s][info   ][gc,task       ] GC(8) Using 33 workers of 33 for evacuation
[5.310s][info   ][gc,phases     ] GC(8)   Pre Evacuate Collection Set: 0.0ms
[5.310s][info   ][gc,phases     ] GC(8)   Evacuate Collection Set: 19.1ms
[5.310s][info   ][gc,phases     ] GC(8)   Post Evacuate Collection Set: 1.3ms
[5.310s][info   ][gc,phases     ] GC(8)   Other: 0.2ms
[5.310s][info   ][gc,heap       ] GC(8) Eden regions: 5->0(6)
[5.310s][info   ][gc,heap       ] GC(8) Survivor regions: 1->1(1)
[5.310s][info   ][gc,heap       ] GC(8) Old regions: 1->1
[5.310s][info   ][gc,heap       ] GC(8) Humongous regions: 0->0
[5.310s][info   ][gc,metaspace  ] GC(8) Metaspace: 66572K(71936K)->66572K(71936K)
[5.310s][info   ][gc            ] GC(8) Pause Young (Normal) (G1 Evacuation Pause) 199M->42M(2752M) 20.809ms
[5.310s][info   ][gc,cpu        ] GC(8) User=0.65s Sys=0.06s Real=0.02s
[5.390s][info   ][gc,start      ] GC(9) Pause Young (Concurrent Start) (Metadata GC Threshold)
[5.390s][info   ][gc,task       ] GC(9) Using 33 workers of 33 for evacuation
[5.397s][info   ][gc,phases     ] GC(9)   Pre Evacuate Collection Set: 0.8ms
[5.397s][info   ][gc,phases     ] GC(9)   Evacuate Collection Set: 5.4ms
[5.397s][info   ][gc,phases     ] GC(9)   Post Evacuate Collection Set: 0.9ms
[5.397s][info   ][gc,phases     ] GC(9)   Other: 0.3ms
[5.397s][info   ][gc,heap       ] GC(9) Eden regions: 2->0(6)
[5.397s][info   ][gc,heap       ] GC(9) Survivor regions: 1->1(1)
[5.397s][info   ][gc,heap       ] GC(9) Old regions: 1->1
[5.397s][info   ][gc,heap       ] GC(9) Humongous regions: 0->0
[5.397s][info   ][gc,metaspace  ] GC(9) Metaspace: 69199K(75096K)->69199K(75096K)
[5.397s][info   ][gc            ] GC(9) Pause Young (Concurrent Start) (Metadata GC Threshold) 90M->44M(2752M) 7.460ms
[5.397s][info   ][gc,cpu        ] GC(9) User=0.18s Sys=0.03s Real=0.01s
[5.397s][info   ][gc            ] GC(10) Concurrent Cycle
[5.397s][info   ][gc,marking    ] GC(10) Concurrent Clear Claimed Marks
[5.397s][info   ][gc,marking    ] GC(10) Concurrent Clear Claimed Marks 0.239ms
[5.397s][info   ][gc,marking    ] GC(10) Concurrent Scan Root Regions
[5.407s][info   ][gc,marking    ] GC(10) Concurrent Scan Root Regions 9.908ms
[5.407s][info   ][gc,marking    ] GC(10) Concurrent Mark (5.407s)
[5.407s][info   ][gc,marking    ] GC(10) Concurrent Mark From Roots
[5.407s][info   ][gc,task       ] GC(10) Using 8 workers of 8 for marking
[5.445s][info   ][gc,marking    ] GC(10) Concurrent Mark From Roots 37.629ms
[5.445s][info   ][gc,marking    ] GC(10) Concurrent Preclean
[5.446s][info   ][gc,marking    ] GC(10) Concurrent Preclean 0.554ms
[5.446s][info   ][gc,marking    ] GC(10) Concurrent Mark (5.407s, 5.446s) 38.281ms
[5.446s][info   ][gc,start      ] GC(10) Pause Remark
[5.460s][info   ][gc,stringtable] GC(10) Cleaned string and symbol table, strings: 22144 processed, 205 removed, symbols: 160465 processed, 19 removed
[5.460s][info   ][gc            ] GC(10) Pause Remark 56M->56M(2752M) 13.995ms
[5.460s][info   ][gc,cpu        ] GC(10) User=0.41s Sys=0.00s Real=0.02s
[5.460s][info   ][gc,marking    ] GC(10) Concurrent Rebuild Remembered Sets
[5.469s][info   ][gc,marking    ] GC(10) Concurrent Rebuild Remembered Sets 9.080ms
[5.470s][info   ][gc,start      ] GC(10) Pause Cleanup
[5.470s][info   ][gc            ] GC(10) Pause Cleanup 56M->56M(2752M) 0.162ms
[5.470s][info   ][gc,cpu        ] GC(10) User=0.01s Sys=0.00s Real=0.00s
[5.470s][info   ][gc,marking    ] GC(10) Concurrent Cleanup for Next Mark
[5.472s][info   ][gc,marking    ] GC(10) Concurrent Cleanup for Next Mark 2.394ms
[5.473s][info   ][gc            ] GC(10) Concurrent Cycle 75.290ms
[6.748s][info   ][gc,start      ] GC(11) Pause Young (Concurrent Start) (G1 Evacuation Pause)
[6.748s][info   ][gc,task       ] GC(11) Using 33 workers of 33 for evacuation
[6.764s][info   ][gc,phases     ] GC(11)   Pre Evacuate Collection Set: 1.4ms
[6.764s][info   ][gc,phases     ] GC(11)   Evacuate Collection Set: 12.9ms
[6.764s][info   ][gc,phases     ] GC(11)   Post Evacuate Collection Set: 1.8ms
[6.764s][info   ][gc,phases     ] GC(11)   Other: 0.6ms
[6.764s][info   ][gc,heap       ] GC(11) Eden regions: 6->0(7)
[6.764s][info   ][gc,heap       ] GC(11) Survivor regions: 1->1(1)
[6.764s][info   ][gc,heap       ] GC(11) Old regions: 1->1
[6.764s][info   ][gc,heap       ] GC(11) Humongous regions: 0->0
[6.764s][info   ][gc,metaspace  ] GC(11) Metaspace: 84862K(94960K)->84862K(94960K)
[6.764s][info   ][gc            ] GC(11) Pause Young (Concurrent Start) (G1 Evacuation Pause) 236M->55M(2752M) 16.625ms
[6.764s][info   ][gc,cpu        ] GC(11) User=0.19s Sys=0.15s Real=0.01s
[6.764s][info   ][gc            ] GC(12) Concurrent Cycle
[6.764s][info   ][gc,marking    ] GC(12) Concurrent Clear Claimed Marks
[6.765s][info   ][gc,marking    ] GC(12) Concurrent Clear Claimed Marks 0.555ms
[6.765s][info   ][gc,marking    ] GC(12) Concurrent Scan Root Regions
[6.776s][info   ][gc,marking    ] GC(12) Concurrent Scan Root Regions 11.314ms
[6.776s][info   ][gc,marking    ] GC(12) Concurrent Mark (6.776s)
[6.776s][info   ][gc,marking    ] GC(12) Concurrent Mark From Roots
[6.776s][info   ][gc,task       ] GC(12) Using 8 workers of 8 for marking
[6.800s][info   ][gc,marking    ] GC(12) Concurrent Mark From Roots 23.999ms
[6.800s][info   ][gc,marking    ] GC(12) Concurrent Preclean
[6.801s][info   ][gc,marking    ] GC(12) Concurrent Preclean 0.647ms
[6.801s][info   ][gc,marking    ] GC(12) Concurrent Mark (6.776s, 6.801s) 24.744ms
[6.802s][info   ][gc,start      ] GC(12) Pause Remark
[6.806s][info   ][gc,stringtable] GC(12) Cleaned string and symbol table, strings: 26754 processed, 2 removed, symbols: 182559 processed, 27 removed
[6.807s][info   ][gc            ] GC(12) Pause Remark 59M->59M(2752M) 4.917ms
[6.807s][info   ][gc,cpu        ] GC(12) User=0.09s Sys=0.01s Real=0.01s
[6.807s][info   ][gc,marking    ] GC(12) Concurrent Rebuild Remembered Sets
[6.816s][info   ][gc,marking    ] GC(12) Concurrent Rebuild Remembered Sets 8.735ms
[6.816s][info   ][gc,start      ] GC(12) Pause Cleanup
[6.817s][info   ][gc            ] GC(12) Pause Cleanup 60M->60M(2752M) 0.191ms
[6.817s][info   ][gc,cpu        ] GC(12) User=0.00s Sys=0.00s Real=0.00s
[6.817s][info   ][gc,marking    ] GC(12) Concurrent Cleanup for Next Mark
[6.819s][info   ][gc,marking    ] GC(12) Concurrent Cleanup for Next Mark 2.258ms
[6.819s][info   ][gc            ] GC(12) Concurrent Cycle 54.730ms
[8.051s][info   ][gc,start      ] GC(13) Pause Young (Normal) (G1 Evacuation Pause)
[8.051s][info   ][gc,task       ] GC(13) Using 33 workers of 33 for evacuation
[8.082s][info   ][gc,phases     ] GC(13)   Pre Evacuate Collection Set: 0.0ms
[8.082s][info   ][gc,phases     ] GC(13)   Evacuate Collection Set: 28.8ms
[8.082s][info   ][gc,phases     ] GC(13)   Post Evacuate Collection Set: 2.1ms
[8.082s][info   ][gc,phases     ] GC(13)   Other: 0.3ms
[8.082s][info   ][gc,heap       ] GC(13) Eden regions: 7->0(8)
[8.082s][info   ][gc,heap       ] GC(13) Survivor regions: 1->1(1)
[8.082s][info   ][gc,heap       ] GC(13) Old regions: 1->2
[8.082s][info   ][gc,heap       ] GC(13) Humongous regions: 0->0
[8.082s][info   ][gc,metaspace  ] GC(13) Metaspace: 98565K(109040K)->98565K(109040K)
[8.082s][info   ][gc            ] GC(13) Pause Young (Normal) (G1 Evacuation Pause) 279M->95M(3328M) 31.364ms
[8.082s][info   ][gc,cpu        ] GC(13) User=0.82s Sys=0.06s Real=0.03s
[8.221s][info   ][gc,start      ] GC(14) Pause Young (Normal) (G1 Evacuation Pause)
[8.221s][info   ][gc,task       ] GC(14) Using 33 workers of 33 for evacuation
[8.231s][info   ][gc,phases     ] GC(14)   Pre Evacuate Collection Set: 0.0ms
[8.231s][info   ][gc,phases     ] GC(14)   Evacuate Collection Set: 9.3ms
[8.231s][info   ][gc,phases     ] GC(14)   Post Evacuate Collection Set: 0.7ms
[8.231s][info   ][gc,phases     ] GC(14)   Other: 0.3ms
[8.231s][info   ][gc,heap       ] GC(14) Eden regions: 7->0(9)
[8.231s][info   ][gc,heap       ] GC(14) Survivor regions: 1->1(1)
[8.231s][info   ][gc,heap       ] GC(14) Old regions: 2->4
[8.231s][info   ][gc,heap       ] GC(14) Humongous regions: 0->0
[8.231s][info   ][gc,metaspace  ] GC(14) Metaspace: 98704K(109296K)->98704K(109296K)
[8.231s][info   ][gc            ] GC(14) Pause Young (Normal) (G1 Evacuation Pause) 319M->128M(3328M) 10.438ms
[8.231s][info   ][gc,cpu        ] GC(14) User=0.09s Sys=0.08s Real=0.01s
[8.283s][info   ][gc,start      ] GC(15) Pause Young (Normal) (G1 Evacuation Pause)
[8.284s][info   ][gc,task       ] GC(15) Using 33 workers of 33 for evacuation
[8.304s][info   ][gc,phases     ] GC(15)   Pre Evacuate Collection Set: 0.0ms
[8.304s][info   ][gc,phases     ] GC(15)   Evacuate Collection Set: 19.2ms
[8.304s][info   ][gc,phases     ] GC(15)   Post Evacuate Collection Set: 0.6ms
[8.304s][info   ][gc,phases     ] GC(15)   Other: 0.3ms
[8.304s][info   ][gc,heap       ] GC(15) Eden regions: 9->0(12)
[8.304s][info   ][gc,heap       ] GC(15) Survivor regions: 1->2(2)
[8.304s][info   ][gc,heap       ] GC(15) Old regions: 4->4
[8.304s][info   ][gc,heap       ] GC(15) Humongous regions: 0->0
[8.304s][info   ][gc,metaspace  ] GC(15) Metaspace: 98713K(109296K)->98713K(109296K)
[8.304s][info   ][gc            ] GC(15) Pause Young (Normal) (G1 Evacuation Pause) 416M->173M(3328M) 20.164ms
[8.304s][info   ][gc,cpu        ] GC(15) User=0.24s Sys=0.06s Real=0.02s
[8.358s][info   ][gc,start      ] GC(16) Pause Young (Normal) (G1 Evacuation Pause)
[8.358s][info   ][gc,task       ] GC(16) Using 33 workers of 33 for evacuation
[8.382s][info   ][gc,phases     ] GC(16)   Pre Evacuate Collection Set: 0.0ms
[8.382s][info   ][gc,phases     ] GC(16)   Evacuate Collection Set: 23.0ms
[8.382s][info   ][gc,phases     ] GC(16)   Post Evacuate Collection Set: 0.7ms
[8.382s][info   ][gc,phases     ] GC(16)   Other: 0.4ms
[8.382s][info   ][gc,heap       ] GC(16) Eden regions: 12->0(14)
[8.382s][info   ][gc,heap       ] GC(16) Survivor regions: 2->2(2)
[8.382s][info   ][gc,heap       ] GC(16) Old regions: 4->6
[8.382s][info   ][gc,heap       ] GC(16) Humongous regions: 0->0
[8.382s][info   ][gc,metaspace  ] GC(16) Metaspace: 98719K(109296K)->98719K(109296K)
[8.382s][info   ][gc            ] GC(16) Pause Young (Normal) (G1 Evacuation Pause) 557M->239M(3328M) 24.154ms
[8.382s][info   ][gc,cpu        ] GC(16) User=0.07s Sys=0.16s Real=0.02s
[8.472s][info   ][gc,start      ] GC(17) Pause Young (Normal) (G1 Evacuation Pause)
[8.472s][info   ][gc,task       ] GC(17) Using 33 workers of 33 for evacuation
[8.508s][info   ][gc,phases     ] GC(17)   Pre Evacuate Collection Set: 0.0ms
[8.508s][info   ][gc,phases     ] GC(17)   Evacuate Collection Set: 33.3ms
[8.508s][info   ][gc,phases     ] GC(17)   Post Evacuate Collection Set: 2.2ms
[8.508s][info   ][gc,phases     ] GC(17)   Other: 0.4ms
[8.508s][info   ][gc,heap       ] GC(17) Eden regions: 14->0(17)
[8.508s][info   ][gc,heap       ] GC(17) Survivor regions: 2->2(2)
[8.508s][info   ][gc,heap       ] GC(17) Old regions: 6->8
[8.508s][info   ][gc,heap       ] GC(17) Humongous regions: 0->0
[8.508s][info   ][gc,metaspace  ] GC(17) Metaspace: 98766K(109296K)->98766K(109296K)
[8.508s][info   ][gc            ] GC(17) Pause Young (Normal) (G1 Evacuation Pause) 687M->304M(4128M) 36.039ms
[8.508s][info   ][gc,cpu        ] GC(17) User=0.19s Sys=0.12s Real=0.04s
[8.688s][info   ][gc,start      ] GC(18) Pause Young (Normal) (G1 Evacuation Pause)
[8.688s][info   ][gc,task       ] GC(18) Using 33 workers of 33 for evacuation
[8.728s][info   ][gc,phases     ] GC(18)   Pre Evacuate Collection Set: 0.0ms
[8.728s][info   ][gc,phases     ] GC(18)   Evacuate Collection Set: 38.6ms
[8.728s][info   ][gc,phases     ] GC(18)   Post Evacuate Collection Set: 0.8ms
[8.728s][info   ][gc,phases     ] GC(18)   Other: 0.4ms
[8.728s][info   ][gc,heap       ] GC(18) Eden regions: 17->0(30)
[8.728s][info   ][gc,heap       ] GC(18) Survivor regions: 2->3(3)
[8.728s][info   ][gc,heap       ] GC(18) Old regions: 8->10
[8.728s][info   ][gc,heap       ] GC(18) Humongous regions: 0->0
[8.728s][info   ][gc,metaspace  ] GC(18) Metaspace: 98769K(109296K)->98769K(109296K)
[8.728s][info   ][gc            ] GC(18) Pause Young (Normal) (G1 Evacuation Pause) 848M->391M(4128M) 39.930ms
[8.728s][info   ][gc,cpu        ] GC(18) User=0.27s Sys=0.15s Real=0.04s
[9.576s][info   ][gc,start      ] GC(19) Pause Young (Normal) (G1 Evacuation Pause)
[9.576s][info   ][gc,task       ] GC(19) Using 33 workers of 33 for evacuation
[9.688s][info   ][gc,phases     ] GC(19)   Pre Evacuate Collection Set: 0.0ms
[9.688s][info   ][gc,phases     ] GC(19)   Evacuate Collection Set: 97.0ms
[9.688s][info   ][gc,phases     ] GC(19)   Post Evacuate Collection Set: 14.0ms
[9.688s][info   ][gc,phases     ] GC(19)   Other: 0.4ms
[9.688s][info   ][gc,heap       ] GC(19) Eden regions: 30->0(46)
[9.688s][info   ][gc,heap       ] GC(19) Survivor regions: 3->3(5)
[9.688s][info   ][gc,heap       ] GC(19) Old regions: 10->11
[9.688s][info   ][gc,heap       ] GC(19) Humongous regions: 0->0
[9.688s][info   ][gc,metaspace  ] GC(19) Metaspace: 98996K(109552K)->98996K(109552K)
[9.688s][info   ][gc            ] GC(19) Pause Young (Normal) (G1 Evacuation Pause) 1351M->397M(4128M) 111.531ms
[9.688s][info   ][gc,cpu        ] GC(19) User=0.97s Sys=0.05s Real=0.11s
[10.388s][info   ][gc,start      ] GC(20) Pause Young (Normal) (G1 Evacuation Pause)
[10.388s][info   ][gc,task       ] GC(20) Using 33 workers of 33 for evacuation
[10.534s][info   ][gc,phases     ] GC(20)   Pre Evacuate Collection Set: 0.0ms
[10.534s][info   ][gc,phases     ] GC(20)   Evacuate Collection Set: 143.8ms
[10.534s][info   ][gc,phases     ] GC(20)   Post Evacuate Collection Set: 1.6ms
[10.534s][info   ][gc,phases     ] GC(20)   Other: 0.4ms
[10.534s][info   ][gc,heap       ] GC(20) Eden regions: 46->0(35)
[10.534s][info   ][gc,heap       ] GC(20) Survivor regions: 3->7(7)
[10.534s][info   ][gc,heap       ] GC(20) Old regions: 11->25
[10.534s][info   ][gc,heap       ] GC(20) Humongous regions: 0->0
[10.534s][info   ][gc,metaspace  ] GC(20) Metaspace: 99563K(110064K)->99563K(110064K)
[10.534s][info   ][gc            ] GC(20) Pause Young (Normal) (G1 Evacuation Pause) 1869M->1010M(4128M) 145.840ms
[10.534s][info   ][gc,cpu        ] GC(20) User=1.14s Sys=2.80s Real=0.14s
[10.698s][info   ][gc,start      ] GC(21) Pause Young (Normal) (G1 Evacuation Pause)
[10.698s][info   ][gc,task       ] GC(21) Using 33 workers of 33 for evacuation
[10.755s][info   ][gc,phases     ] GC(21)   Pre Evacuate Collection Set: 0.0ms
[10.755s][info   ][gc,phases     ] GC(21)   Evacuate Collection Set: 43.6ms
[10.755s][info   ][gc,phases     ] GC(21)   Post Evacuate Collection Set: 13.3ms
[10.755s][info   ][gc,phases     ] GC(21)   Other: 0.3ms
[10.755s][info   ][gc,heap       ] GC(21) Eden regions: 35->0(33)
[10.755s][info   ][gc,heap       ] GC(21) Survivor regions: 7->6(6)
[10.755s][info   ][gc,heap       ] GC(21) Old regions: 25->41
[10.755s][info   ][gc,heap       ] GC(21) Humongous regions: 0->0
[10.755s][info   ][gc,metaspace  ] GC(21) Metaspace: 99638K(110064K)->99638K(110064K)
[10.755s][info   ][gc            ] GC(21) Pause Young (Normal) (G1 Evacuation Pause) 2130M->1480M(9312M) 57.201ms
[10.755s][info   ][gc,cpu        ] GC(21) User=0.99s Sys=0.54s Real=0.06s
[12.785s][info   ][gc,heap,exit  ] Heap
[12.785s][info   ][gc,heap,exit  ]  garbage-first heap   total 9535488K, used 2170914K [0x00007f0ebe000000, 0x00007f343e000000)
[12.785s][info   ][gc,heap,exit  ]   region size 32768K, 28 young (917504K), 6 survivors (196608K)
[12.785s][info   ][gc,heap,exit  ]  Metaspace       used 111157K, capacity 125167K, committed 125168K, reserved 126976K
